(C)2003-2021 J. Lemmens
Daisy-player - Version 13.0 
A parser to play Daisy CD's with Linux
Scanning for a Daisy CD...

SPINE (42):
   1: S07241/001_Le_Petit_Prince.smil#par_001_Le_Petit_Prince_0_0
   2: S07241/002_Quatrieme_de_couverture.smil#par_002_Quatrieme_de_couverture_0_0
   3: S07241/003_Dedicace.smil#par_003_Dedicace_0_0
   4: S07241/004_Exergue.smil#par_004_Exergue_0_0
   5: S07241/005_Chapitre_1.smil#par_005_Chapitre_1_0_0
   6: S07241/006_Chapitre_2.smil#par_006_Chapitre_2_0_0
   7: S07241/007_Chapitre_3.smil#par_007_Chapitre_3_0_0
   8: S07241/008_Chapitre_4.smil#par_008_Chapitre_4_0_0
   9: S07241/009_Chapitre_5.smil#par_009_Chapitre_5_0_0
  10: S07241/010_Chapitre_6.smil#par_010_Chapitre_6_0_0
  11: S07241/011_Chapitre_7.smil#par_011_Chapitre_7_0_0
  12: S07241/012_Chapitre_8.smil#par_012_Chapitre_8_0_0
  13: S07241/013_Chapitre_9.smil#par_013_Chapitre_9_0_0
  14: S07241/014_Chapitre_10.smil#par_014_Chapitre_10_0_0
  15: S07241/015_Chapitre_11.smil#par_015_Chapitre_11_0_0
  16: S07241/016_Chapitre_12.smil#par_016_Chapitre_12_0_0
  17: S07241/017_Chapitre_13.smil#par_017_Chapitre_13_0_0
  18: S07241/018_Chapitre_14.smil#par_018_Chapitre_14_0_0
  19: S07241/019_Chapitre_15.smil#par_019_Chapitre_15_0_0
  20: S07241/020_Chapitre_16.smil#par_020_Chapitre_16_0_0
  21: S07241/021_Chapitre_17.smil#par_021_Chapitre_17_0_0
  22: S07241/022_Chapitre_18.smil#par_022_Chapitre_18_0_0
  23: S07241/023_Chapitre_19.smil#par_023_Chapitre_19_0_0
  24: S07241/024_Chapitre_20.smil#par_024_Chapitre_20_0_0
  25: S07241/025_Chapitre_21.smil#par_025_Chapitre_21_0_0
  26: S07241/026_Chapitre_22.smil#par_026_Chapitre_22_0_0
  27: S07241/027_Chapitre_23.smil#par_027_Chapitre_23_0_0
  28: S07241/028_Chapitre_24.smil#par_028_Chapitre_24_0_0
  29: S07241/029_Chapitre_25.smil#par_029_Chapitre_25_0_0
  30: S07241/030_Chapitre_26.smil#par_030_Chapitre_26_0_0
  31: S07241/031_Chapitre_27.smil#par_031_Chapitre_27_0_0
  32: S07241/032_Conclusion.smil#par_032_Conclusion_0_0
  33: S07241/033_Annexes.smil#par_033_Annexes_0_0
  34: S07241/033-000_Antoine_de_Saint-Exupery_lauteur.smil#par_033-000_Antoine_de_Saint-Exupery_lauteur_0_0
  35: S07241/033-001_Fondation_Antoine_de_Saint-Exupery.smil#par_033-001_Fondation_Antoine_de_Saint-Exupery_0_0
  36: S07241/033-002_A_la_rencontre_dAntoine_de_Saint-Exupery_1900.smil#par_033-002_A_la_rencontre_dAntoine_de_Saint-Exupery_1900_0_0
  37: S07241/033-002-001_Un_petit_prince_en_son_royaume.smil#par_033-002-001_Un_petit_prince_en_son_royaume_0_0
  38: S07241/033-002-002_La_passion_des_avions.smil#par_033-002-002_La_passion_des_avions_0_0
  39: S07241/033-002-003_Pilote_et_ecrivain.smil#par_033-002-003_Pilote_et_ecrivain_0_0
  40: S07241/033-002-004_Un_petit_prince_en_Amerique.smil#par_033-002-004_Un_petit_prince_en_Amerique_0_0
  41: S07241/034_La_derniere_mission.smil#par_034_La_derniere_mission_0_0
  42: S07241/035_Autres_mentions.smil#par_035_Autres_mentions_0_0
