(C)2003-2021 J. Lemmens
Daisy-player - Version 13.0 
A parser to play Daisy CD's with Linux
Scanning for a Daisy CD...

SPINE (33):
   1: Y9621/wkds0001.smil#aloj_0002
   2: Y9621/wkds0002.smil#aloj_0002
   3: Y9621/wkds000a.smil#wkds_0001
   4: Y9621/wkds0003.smil#aloj_0002
   5: Y9621/wkds0004.smil#aloj_0002
   6: Y9621/wkds0005.smil#aloj_0002
   7: Y9621/wkds0006.smil#aloj_0002
   8: Y9621/wkds0007.smil#aloj_0002
   9: Y9621/wkds0008.smil#aloj_0002
  10: Y9621/wkds0009.smil#aloj_0002
  11: Y9621/wkds0010.smil#aloj_0002
  12: Y9621/wkds0011.smil#aloj_0002
  13: Y9621/wkds0012.smil#aloj_0002
  14: Y9621/wkds0013.smil#aloj_0002
  15: Y9621/wkds0014.smil#aloj_0002
  16: Y9621/wkds0015.smil#aloj_0002
  17: Y9621/wkds0016.smil#aloj_0002
  18: Y9621/wkds0017.smil#aloj_0002
  19: Y9621/wkds0018.smil#aloj_0002
  20: Y9621/wkds0019.smil#aloj_0002
  21: Y9621/wkds0020.smil#aloj_0002
  22: Y9621/wkds0021.smil#aloj_0002
  23: Y9621/wkds0022.smil#aloj_0002
  24: Y9621/wkds0023.smil#aloj_0002
  25: Y9621/wkds0024.smil#aloj_0002
  26: Y9621/wkds0025.smil#aloj_0002
  27: Y9621/wkds0026.smil#aloj_0002
  28: Y9621/wkds0027.smil#aloj_0002
  29: Y9621/wkds0028.smil#aloj_0002
  30: Y9621/wkds0029.smil#aloj_0002
  31: Y9621/wkds0030.smil#aloj_0002
  32: Y9621/wkds0031.smil#aloj_0002
  33: Y9621/wkds0032.smil#aloj_0002
